// Jest Snapshot v1, https://goo.gl/fbAQLP

exports[`Compare Doc renders correctly 1`] = `
<div
  className="makeStyles-main2-32"
>
  <div
    className="MuiBox-root MuiBox-root-375"
  />
  <div
    className="makeStyles-icon-31"
  >
    <div
      className="MuiBox-root MuiBox-root-376"
      style={
        Object {
          "display": "flex",
        }
      }
    >
      <div>
        <button
          aria-describedby={null}
          className="MuiButtonBase-root MuiIconButton-root"
          disabled={false}
          onBlur={[Function]}
          onClick={[Function]}
          onDragLeave={[Function]}
          onFocus={[Function]}
          onKeyDown={[Function]}
          onKeyUp={[Function]}
          onMouseDown={[Function]}
          onMouseLeave={[Function]}
          onMouseOver={[Function]}
          onMouseUp={[Function]}
          onTouchEnd={[Function]}
          onTouchMove={[Function]}
          onTouchStart={[Function]}
          tabIndex={0}
          title="Apps"
          type="button"
        >
          <span
            className="MuiIconButton-label"
          >
            <svg
              aria-hidden="true"
              className="MuiSvgIcon-root"
              focusable="false"
              viewBox="0 0 24 24"
            >
              <path
                d="M4 8h4V4H4v4zm6 12h4v-4h-4v4zm-6 0h4v-4H4v4zm0-6h4v-4H4v4zm6 0h4v-4h-4v4zm6-10v4h4V4h-4zm-6 4h4V4h-4v4zm6 6h4v-4h-4v4zm0 6h4v-4h-4v4z"
              />
            </svg>
          </span>
          <span
            className="MuiTouchRipple-root"
          />
        </button>
      </div>
    </div>
    <hr
      className="MuiDivider-root"
    />
    <div
      className="MuiBox-root MuiBox-root-377"
    />
  </div>
  <div
    className="MuiGrid-root MuiGrid-container MuiGrid-spacing-xs-4 MuiGrid-align-items-xs-center MuiGrid-justify-xs-center"
  >
    <div
      align="center"
      className="MuiGrid-root MuiGrid-item MuiGrid-grid-xs-8 MuiGrid-grid-md-4"
    >
      <a
        aria-disabled={false}
        className="MuiButtonBase-root MuiCardActionArea-root"
        onBlur={[Function]}
        onClick={[Function]}
        onDragLeave={[Function]}
        onFocus={[Function]}
        onKeyDown={[Function]}
        onKeyUp={[Function]}
        onMouseDown={[Function]}
        onMouseLeave={[Function]}
        onMouseUp={[Function]}
        onTouchEnd={[Function]}
        onTouchMove={[Function]}
        onTouchStart={[Function]}
        role="button"
        tabIndex={0}
      >
        <div
          className="MuiCardMedia-root makeStyles-card-26"
          style={
            Object {
              "background": "#FFFFFF",
            }
          }
        >
          <div
            className="makeStyles-cardDetails-27"
          >
            <div
              className="MuiCardContent-root"
            >
              <div
                className="makeStyles-name-30"
              >
                <h2
                  className="makeStyles-topic-24"
                >
                  Select Two Documents to Compare
                </h2>
              </div>
            </div>
          </div>
          <div
            className="MuiCardMedia-root makeStyles-cardMedia-28"
            style={
              Object {
                "backgroundImage": "url(\\"undefined/images/fileFolder/images.jpg\\")",
              }
            }
          />
        </div>
        <span
          className="MuiCardActionArea-focusHighlight"
        />
        <span
          className="MuiTouchRipple-root"
        />
      </a>
    </div>
  </div>
  <div
    className="MuiBox-root MuiBox-root-378"
  />
  <div
    className="MuiGrid-root MuiGrid-container MuiGrid-spacing-xs-4 MuiGrid-align-items-xs-center MuiGrid-justify-xs-center"
  >
    <div
      className="MuiGrid-root MuiGrid-item"
    >
      <h6
        className="MuiTypography-root MuiTypography-h6"
      >
        Or Enter Your Text Below
      </h6>
      <p
        className="MuiTypography-root MuiTypography-body1"
      >
        (limit : 500 words per search)
      </p>
    </div>
  </div>
  <div
    className="MuiBox-root MuiBox-root-379"
  />
  <div
    className="MuiGrid-root MuiGrid-container MuiGrid-spacing-xs-4 MuiGrid-align-items-xs-center MuiGrid-justify-xs-center"
  >
    <div
      className="MuiGrid-root MuiGrid-item"
      style={
        Object {
          "background": "#FFFFFF",
        }
      }
    >
      <div
        className="MuiFormControl-root MuiTextField-root"
        style={
          Object {
            "width": 450,
          }
        }
      >
        <label
          className="MuiFormLabel-root MuiInputLabel-root MuiInputLabel-formControl MuiInputLabel-animated MuiInputLabel-outlined"
          data-shrink={false}
          htmlFor="outlined-multiline-static"
          id="outlined-multiline-static-label"
        >
          Old Text
        </label>
        <div
          className="MuiInputBase-root MuiOutlinedInput-root MuiInputBase-formControl MuiInputBase-multiline MuiOutlinedInput-multiline"
          onClick={[Function]}
        >
          <textarea
            aria-invalid={false}
            autoFocus={false}
            className="MuiInputBase-input MuiOutlinedInput-input MuiInputBase-inputMultiline MuiOutlinedInput-inputMultiline"
            defaultValue=""
            disabled={false}
            id="outlined-multiline-static"
            maxLength={3000}
            onAnimationStart={[Function]}
            onBlur={[Function]}
            onChange={[Function]}
            onFocus={[Function]}
            required={false}
            rows={6}
          />
          <fieldset
            aria-hidden={true}
            className="PrivateNotchedOutline-root-315 MuiOutlinedInput-notchedOutline"
          >
            <legend
              className="PrivateNotchedOutline-legendLabelled-317"
            >
              <span>
                Old Text
              </span>
            </legend>
          </fieldset>
        </div>
      </div>
    </div>
    <div
      className="MuiGrid-root MuiGrid-item"
      style={
        Object {
          "background": "#FFFFFF",
        }
      }
    >
      <div
        className="MuiFormControl-root MuiTextField-root"
        style={
          Object {
            "width": 450,
          }
        }
      >
        <label
          className="MuiFormLabel-root MuiInputLabel-root MuiInputLabel-formControl MuiInputLabel-animated MuiInputLabel-outlined"
          data-shrink={false}
          htmlFor="outlined-multiline-static"
          id="outlined-multiline-static-label"
        >
          New Text
        </label>
        <div
          className="MuiInputBase-root MuiOutlinedInput-root MuiInputBase-formControl MuiInputBase-multiline MuiOutlinedInput-multiline"
          onClick={[Function]}
        >
          <textarea
            aria-invalid={false}
            autoFocus={false}
            className="MuiInputBase-input MuiOutlinedInput-input MuiInputBase-inputMultiline MuiOutlinedInput-inputMultiline"
            defaultValue=""
            disabled={false}
            id="outlined-multiline-static"
            maxLength={3000}
            onAnimationStart={[Function]}
            onBlur={[Function]}
            onChange={[Function]}
            onFocus={[Function]}
            required={false}
            rows={6}
          />
          <fieldset
            aria-hidden={true}
            className="PrivateNotchedOutline-root-315 MuiOutlinedInput-notchedOutline"
          >
            <legend
              className="PrivateNotchedOutline-legendLabelled-317"
            >
              <span>
                New Text
              </span>
            </legend>
          </fieldset>
        </div>
      </div>
    </div>
  </div>
  <div
    className="MuiBox-root MuiBox-root-380"
  />
  <div
    className="MuiGrid-root MuiGrid-container MuiGrid-spacing-xs-4 MuiGrid-align-items-xs-center MuiGrid-justify-xs-center"
  >
    <div
      className="MuiGrid-root MuiGrid-item"
    >
      <label
        aria-disabled={false}
        className="MuiButtonBase-root MuiButton-root MuiButton-contained MuiButton-containedSizeLarge MuiButton-sizeLarge"
        htmlType="submit"
        onBlur={[Function]}
        onClick={[Function]}
        onDragLeave={[Function]}
        onFocus={[Function]}
        onKeyDown={[Function]}
        onKeyUp={[Function]}
        onMouseDown={[Function]}
        onMouseLeave={[Function]}
        onMouseUp={[Function]}
        onTouchEnd={[Function]}
        onTouchMove={[Function]}
        onTouchStart={[Function]}
        role="button"
        style={
          Object {
            "background": "#014f82",
            "boxShadow": Array [
              "none",
            ],
            "color": "#FFFFFF",
            "height": 40,
          }
        }
        tabIndex={0}
      >
        <span
          className="MuiButton-label"
        >
          Compare
        </span>
        <span
          className="MuiTouchRipple-root"
        />
      </label>
    </div>
  </div>
  <div
    className="MuiBox-root MuiBox-root-381"
  />
  <div
    className="MuiGrid-root MuiGrid-container MuiGrid-spacing-xs-4 MuiGrid-align-items-xs-center MuiGrid-justify-xs-center"
  >
    <div
      className="MuiGrid-root MuiGrid-item"
    >
      <div
        className="MuiCardMedia-root makeStyles-card2-34"
        style={
          Object {
            "background": "#FFFFFF",
          }
        }
        variant="outlined"
      >
        <div
          className="MuiCardHeader-root"
          style={
            Object {
              "textAlign": "center",
            }
          }
        >
          <div
            className="MuiCardHeader-content"
          >
            <span
              className="MuiTypography-root MuiCardHeader-title MuiTypography-h5 MuiTypography-displayBlock"
            >
              Comparison Results
            </span>
          </div>
        </div>
        <hr
          className="MuiDivider-root"
        />
        <div
          className="MuiCardContent-root"
        >
          <p
            className="MuiTypography-root MuiTypography-body2"
          >
            <div
              id="display"
            />
          </p>
        </div>
      </div>
    </div>
  </div>
  <div
    className="MuiBox-root MuiBox-root-382"
  />
</div>
`;
