// Jest Snapshot v1, https://goo.gl/fbAQLP

exports[`FileManager renders correctly 1`] = `
<div>
  <main
    className="MuiGrid-root makeStyles-root-25 MuiGrid-container"
  >
    <div
      className="MuiGrid-root MuiGrid-container MuiGrid-align-items-xs-center MuiGrid-justify-xs-center"
    >
      <div
        align="center"
        className="MuiGrid-root MuiGrid-item"
      >
        <div
          className="makeStyles-loader-27"
        >
          <div
            dangerouslySetInnerHTML={
              Object {
                "__html": "<svg xmlns=\\"http://www.w3.org/2000/svg\\" viewBox=\\"0 0 32 32\\">
  <circle cx=\\"16\\" cy=\\"3\\" r=\\"0\\">
    <animate attributeName=\\"r\\" values=\\"0;3;0;0\\" dur=\\"1s\\" repeatCount=\\"indefinite\\" begin=\\"0\\" keySplines=\\"0.2 0.2 0.4 0.8;0.2 0.2 0.4 0.8;0.2 0.2 0.4 0.8\\" calcMode=\\"spline\\" />
  </circle>
  <circle transform=\\"rotate(45 16 16)\\" cx=\\"16\\" cy=\\"3\\" r=\\"0\\">
    <animate attributeName=\\"r\\" values=\\"0;3;0;0\\" dur=\\"1s\\" repeatCount=\\"indefinite\\" begin=\\"0.125s\\" keySplines=\\"0.2 0.2 0.4 0.8;0.2 0.2 0.4 0.8;0.2 0.2 0.4 0.8\\" calcMode=\\"spline\\" />
  </circle>
  <circle transform=\\"rotate(90 16 16)\\" cx=\\"16\\" cy=\\"3\\" r=\\"0\\">
    <animate attributeName=\\"r\\" values=\\"0;3;0;0\\" dur=\\"1s\\" repeatCount=\\"indefinite\\" begin=\\"0.25s\\" keySplines=\\"0.2 0.2 0.4 0.8;0.2 0.2 0.4 0.8;0.2 0.2 0.4 0.8\\" calcMode=\\"spline\\" />
  </circle>
  <circle transform=\\"rotate(135 16 16)\\" cx=\\"16\\" cy=\\"3\\" r=\\"0\\">
    <animate attributeName=\\"r\\" values=\\"0;3;0;0\\" dur=\\"1s\\" repeatCount=\\"indefinite\\" begin=\\"0.375s\\" keySplines=\\"0.2 0.2 0.4 0.8;0.2 0.2 0.4 0.8;0.2 0.2 0.4 0.8\\" calcMode=\\"spline\\" />
  </circle>
  <circle transform=\\"rotate(180 16 16)\\" cx=\\"16\\" cy=\\"3\\" r=\\"0\\">
    <animate attributeName=\\"r\\" values=\\"0;3;0;0\\" dur=\\"1s\\" repeatCount=\\"indefinite\\" begin=\\"0.5s\\" keySplines=\\"0.2 0.2 0.4 0.8;0.2 0.2 0.4 0.8;0.2 0.2 0.4 0.8\\" calcMode=\\"spline\\" />
  </circle>
  <circle transform=\\"rotate(225 16 16)\\" cx=\\"16\\" cy=\\"3\\" r=\\"0\\">
    <animate attributeName=\\"r\\" values=\\"0;3;0;0\\" dur=\\"1s\\" repeatCount=\\"indefinite\\" begin=\\"0.625s\\" keySplines=\\"0.2 0.2 0.4 0.8;0.2 0.2 0.4 0.8;0.2 0.2 0.4 0.8\\" calcMode=\\"spline\\" />
  </circle>
  <circle transform=\\"rotate(270 16 16)\\" cx=\\"16\\" cy=\\"3\\" r=\\"0\\">
    <animate attributeName=\\"r\\" values=\\"0;3;0;0\\" dur=\\"1s\\" repeatCount=\\"indefinite\\" begin=\\"0.75s\\" keySplines=\\"0.2 0.2 0.4 0.8;0.2 0.2 0.4 0.8;0.2 0.2 0.4 0.8\\" calcMode=\\"spline\\" />
  </circle>
  <circle transform=\\"rotate(315 16 16)\\" cx=\\"16\\" cy=\\"3\\" r=\\"0\\">
    <animate attributeName=\\"r\\" values=\\"0;3;0;0\\" dur=\\"1s\\" repeatCount=\\"indefinite\\" begin=\\"0.875s\\" keySplines=\\"0.2 0.2 0.4 0.8;0.2 0.2 0.4 0.8;0.2 0.2 0.4 0.8\\" calcMode=\\"spline\\" />
  </circle>
  <circle transform=\\"rotate(180 16 16)\\" cx=\\"16\\" cy=\\"3\\" r=\\"0\\">
    <animate attributeName=\\"r\\" values=\\"0;3;0;0\\" dur=\\"1s\\" repeatCount=\\"indefinite\\" begin=\\"0.5s\\" keySplines=\\"0.2 0.2 0.4 0.8;0.2 0.2 0.4 0.8;0.2 0.2 0.4 0.8\\" calcMode=\\"spline\\" />
  </circle>
</svg>
",
              }
            }
            style={
              Object {
                "fill": "#5054CC",
                "height": 550,
                "width": 50,
              }
            }
          />
        </div>
      </div>
    </div>
  </main>
</div>
`;
